== [1/2] :app:compileDebugKotlin ==
To honour the JVM settings for this build a single-use Daemon process will be forked. For more on this, please refer to https://docs.gradle.org/8.11.1/userguide/gradle_daemon.html#sec:disabling_the_daemon in the Gradle documentation.
Daemon will be stopped at the end of the build 
> Task :app:checkKotlinGradlePluginConfigurationErrors SKIPPED
> Task :app:preBuild UP-TO-DATE
> Task :app:preDebugBuild UP-TO-DATE
> Task :app:checkDebugAarMetadata UP-TO-DATE
> Task :app:generateDebugResValues UP-TO-DATE
> Task :app:mapDebugSourceSetPaths UP-TO-DATE
> Task :app:generateDebugResources UP-TO-DATE
> Task :app:mergeDebugResources UP-TO-DATE
> Task :app:packageDebugResources UP-TO-DATE
> Task :app:parseDebugLocalResources UP-TO-DATE
> Task :app:createDebugCompatibleScreenManifests UP-TO-DATE
> Task :app:extractDeepLinksDebug UP-TO-DATE
> Task :app:processDebugMainManifest UP-TO-DATE
> Task :app:processDebugManifest UP-TO-DATE
> Task :app:processDebugManifestForPackage UP-TO-DATE
> Task :app:processDebugResources UP-TO-DATE
> Task :app:compileDebugKotlin UP-TO-DATE

BUILD SUCCESSFUL in 31s
14 actionable tasks: 14 up-to-date
== [2/2] tools/verify_visual.mjs (drawable parity) ==
visual verify: 154 pass, 0 FAIL, 3 skipped (no source) / 157
SKIP ic_sports_handball.xml - ENOENT: no such file or directory, open '/home/z/my-project/AreenaxNativeAndroid/tools/cac
SKIP ic_qr_code.xml - ENOENT: no such file or directory, open '/home/z/my-project/AreenaxNativeAndroid/tools/cac
SKIP ic_unfold_more.xml - ENOENT: no such file or directory, open '/home/z/my-project/AreenaxNativeAndroid/tools/cac
CHECK-OK
