Downloading https://services.gradle.org/distributions/gradle-8.10.2-bin.zip
.............10%.............20%.............30%.............40%.............50%.............60%.............70%.............80%.............90%.............100%

Welcome to Gradle 8.10.2!

Here are the highlights of this release:
 - Support for Java 23
 - Faster configuration cache
 - Better configuration cache reports

For more details see https://docs.gradle.org/8.10.2/release-notes.html

Starting a Gradle Daemon (subsequent builds will be faster)

FAILURE: Build failed with an exception.

* What went wrong:
Could not determine the dependencies of task ':app:packageDebug'.
> Could not create task ':app:compileDebugJavaWithJavac'.
   > Failed to calculate the value of task ':app:compileDebugJavaWithJavac' property 'javaCompiler'.
      > Toolchain installation '/usr/lib/jvm/java-21-openjdk-amd64' does not provide the required capabilities: [JAVA_COMPILER]

* Try:
> Run with --stacktrace option to get the stack trace.
> Run with --info or --debug option to get more log output.
> Run with --scan to get full insights.
> Get more help at https://help.gradle.org.

BUILD FAILED in 1m 43s
exit=1
