To honour the JVM settings for this build a single-use Daemon process will be forked. For more on this, please refer to https://docs.gradle.org/8.11.1/userguide/gradle_daemon.html#sec:disabling_the_daemon in the Gradle documentation.
Daemon will be stopped at the end of the build 
> Task :app:preBuild UP-TO-DATE
> Task :app:preReleaseBuild UP-TO-DATE
> Task :app:mergeReleaseJniLibFolders UP-TO-DATE
> Task :app:mergeReleaseNativeLibs UP-TO-DATE
> Task :app:stripReleaseDebugSymbols UP-TO-DATE
> Task :app:extractReleaseNativeSymbolTables UP-TO-DATE
> Task :app:mergeReleaseNativeDebugMetadata NO-SOURCE
> Task :app:buildKotlinToolingMetadata UP-TO-DATE
> Task :app:checkReleaseDuplicateClasses UP-TO-DATE
> Task :app:checkKotlinGradlePluginConfigurationErrors SKIPPED
> Task :app:checkReleaseAarMetadata UP-TO-DATE
> Task :app:generateReleaseResValues UP-TO-DATE
> Task :app:mapReleaseSourceSetPaths UP-TO-DATE
> Task :app:generateReleaseResources UP-TO-DATE
> Task :app:mergeReleaseResources UP-TO-DATE
> Task :app:packageReleaseResources UP-TO-DATE
> Task :app:parseReleaseLocalResources UP-TO-DATE
> Task :app:createReleaseCompatibleScreenManifests UP-TO-DATE
> Task :app:extractDeepLinksRelease UP-TO-DATE
> Task :app:processReleaseMainManifest UP-TO-DATE
> Task :app:processReleaseManifest UP-TO-DATE
> Task :app:processReleaseManifestForPackage UP-TO-DATE
> Task :app:processReleaseResources UP-TO-DATE
> Task :app:compileReleaseKotlin UP-TO-DATE
> Task :app:javaPreCompileRelease UP-TO-DATE
> Task :app:compileReleaseJavaWithJavac NO-SOURCE
> Task :app:mergeReleaseArtProfile UP-TO-DATE
> Task :app:expandReleaseArtProfileWildcards UP-TO-DATE
> Task :app:extractProguardFiles UP-TO-DATE
> Task :app:mergeReleaseGeneratedProguardFiles UP-TO-DATE
> Task :app:processReleaseJavaRes UP-TO-DATE
> Task :app:mergeReleaseJavaResource UP-TO-DATE
> Task :app:mergeReleaseStartupProfile UP-TO-DATE
> Task :app:minifyReleaseWithR8

The message received from the daemon indicates that the daemon has disappeared.
Build request sent: Build{id=7c2821a0-bc02-46bb-817b-8ecdd6ed9370, currentDir=/home/z/audit-wt/AreenaxNativeAndroid}
Attempting to read last messages from the daemon log...
Daemon pid: 12451
  log file: /home/z/.gradle/daemon/8.11.1/daemon-12451.out.log
----- Last 20 lines from daemon log file - daemon-12451.out.log -----
2026-09-21T09:19:09.751+0000 [DEBUG] [org.gradle.launcher.daemon.server.DefaultIncomingConnectionHandler] Starting executing command: Build{id=7c2821a0-bc02-46bb-817b-8ecdd6ed9370, currentDir=/home/z/audit-wt/AreenaxNativeAndroid} with connection: socket connection from /127.0.0.1:39425 to /127.0.0.1:40882.
2026-09-21T09:19:09.756+0000 [DEBUG] [org.gradle.launcher.daemon.server.DaemonStateCoordinator] Command execution: started DaemonCommandExecution[command = Build{id=7c2821a0-bc02-46bb-817b-8ecdd6ed9370, currentDir=/home/z/audit-wt/AreenaxNativeAndroid}, connection = DefaultDaemonConnection: socket connection from /127.0.0.1:39425 to /127.0.0.1:40882] after 0.00295 minutes of idle
2026-09-21T09:19:09.756+0000 [INFO] [org.gradle.launcher.daemon.server.DaemonRegistryUpdater] Marking the daemon as busy, address: [a1342fd0-a881-4803-ba99-d3edda8b7c8f port:39425, addresses:[localhost/127.0.0.1]]
2026-09-21T09:19:09.756+0000 [DEBUG] [org.gradle.launcher.daemon.registry.PersistentDaemonRegistry] Marking busy by address: [a1342fd0-a881-4803-ba99-d3edda8b7c8f port:39425, addresses:[localhost/127.0.0.1]]
2026-09-21T09:19:09.757+0000 [DEBUG] [org.gradle.cache.internal.DefaultFileLockManager] Waiting to acquire exclusive lock on daemon addresses registry.
2026-09-21T09:19:09.757+0000 [DEBUG] [org.gradle.cache.internal.DefaultFileLockManager] Lock acquired on daemon addresses registry.
2026-09-21T09:19:09.758+0000 [DEBUG] [org.gradle.cache.internal.DefaultFileLockManager] Releasing lock on daemon addresses registry.
2026-09-21T09:19:09.762+0000 [DEBUG] [org.gradle.launcher.daemon.server.DaemonStateCoordinator] resetting idle timer
2026-09-21T09:19:09.762+0000 [DEBUG] [org.gradle.launcher.daemon.server.DaemonStateCoordinator] daemon is running. Sleeping until state changes.
2026-09-21T09:19:09.765+0000 [INFO] [org.gradle.launcher.daemon.server.exec.StartBuildOrRespondWithBusy] Daemon is about to start building Build{id=7c2821a0-bc02-46bb-817b-8ecdd6ed9370, currentDir=/home/z/audit-wt/AreenaxNativeAndroid}. Dispatching build started information...
2026-09-21T09:19:09.766+0000 [DEBUG] [org.gradle.launcher.daemon.server.SynchronizedDispatchConnection] thread 21: dispatching org.gradle.launcher.daemon.protocol.BuildStarted@4b92a9b9
2026-09-21T09:19:09.767+0000 [DEBUG] [org.gradle.launcher.daemon.server.exec.EstablishBuildEnvironment] Configuring env variables: [PATH, FC_REGION, BUN_INSTALL_BIN, JAVA_HOME, CLICOLOR_FORCE, TERM, FC_CONTAINER_ID, ANDROID_HOME, UV_CACHE_DIR, FC_FUNCTION_HANDLER, KATA_CONTAINER, FC_CUSTOM_LISTEN_PORT, BUN_RUNTIME_TRANSPILER_CACHE_PATH, FC_FUNCTION_NAME, DATABASE_URL, MAIL, CLAWHUB_WORKDIR, LOGNAME, PWD, NO_COLOR, _, CLAWHUB_DISABLE_TELEMETRY, UV, SHELL, SIGMA_APP_NAME, UV_PYTHON, FC_INSTANCE_ID, OLDPWD, CLICOLOR, BUN_INSTALL, USER, PYTHONDONTWRITEBYTECODE, VIRTUAL_ENV, UV_RUN_RECURSION_DEPTH, PYTHONUNBUFFERED, DEBIAN_FRONTEND, FC_FUNCTION_MEMORY_SIZE, FC_ACCOUNT_ID, STEP_START_TIME, LC_CTYPE, HOME, SHLVL]
2026-09-21T09:19:09.771+0000 [DEBUG] [org.gradle.launcher.daemon.server.exec.LogToClient] About to start relaying all logs to the client via the connection.
2026-09-21T09:19:09.771+0000 [INFO] [org.gradle.launcher.daemon.server.exec.LogToClient] The client will now receive all logging from the daemon (pid: 12451). The daemon log file: /home/z/.gradle/daemon/8.11.1/daemon-12451.out.log
2026-09-21T09:19:09.773+0000 [DEBUG] [org.gradle.launcher.daemon.server.exec.RequestStopIfSingleUsedDaemon] Requesting daemon stop after processing Build{id=7c2821a0-bc02-46bb-817b-8ecdd6ed9370, currentDir=/home/z/audit-wt/AreenaxNativeAndroid}
2026-09-21T09:19:09.773+0000 [LIFECYCLE] [org.gradle.launcher.daemon.server.DaemonStateCoordinator] Daemon will be stopped at the end of the build 
2026-09-21T09:19:09.773+0000 [DEBUG] [org.gradle.launcher.daemon.server.DaemonStateCoordinator] Stop as soon as idle requested. The daemon is busy
2026-09-21T09:19:09.774+0000 [DEBUG] [org.gradle.launcher.daemon.server.exec.ExecuteBuild] The daemon has started executing the build.
2026-09-21T09:19:09.774+0000 [DEBUG] [org.gradle.launcher.daemon.server.exec.ExecuteBuild] Executing build with daemon context: DefaultDaemonContext[uid=a58d120c-5646-46b8-8445-a1a61f1fffcf,javaHome=/home/z/jdks/jdk-17,javaVersion=17,javaVendor=Eclipse Adoptium,daemonRegistryDir=/home/z/.gradle/daemon,pid=12451,idleTimeout=120000,priority=NORMAL,applyInstrumentationAgent=true,nativeServicesMode=ENABLED,daemonOpts=-XX:MaxMetaspaceSize=512m,-Xmx1800m,-Dfile.encoding=UTF-8,-Duser.country=US,-Duser.language=en,-Duser.variant]
2026-09-21T09:19:09.775+0000 [DEBUG] [org.gradle.launcher.daemon.server.DaemonStateCoordinator] daemon stop has been requested. Sleeping until state changes.----- End of the daemon log -----


FAILURE: Build failed with an exception.

* What went wrong:
Gradle build daemon disappeared unexpectedly (it may have been killed or may have crashed)

* Try:
> Run with --stacktrace option to get the stack trace.
> Run with --info or --debug option to get more log output.
> Run with --scan to get full insights.
> Get more help at https://help.gradle.org.
