To honour the JVM settings for this build a single-use Daemon process will be forked. For more on this, please refer to https://docs.gradle.org/8.10.2/userguide/gradle_daemon.html#sec:disabling_the_daemon in the Gradle documentation.
Daemon will be stopped at the end of the build 
> Task :app:preBuild UP-TO-DATE
> Task :app:preDebugBuild UP-TO-DATE
> Task :app:mergeDebugNativeDebugMetadata NO-SOURCE
> Task :app:checkKotlinGradlePluginConfigurationErrors SKIPPED
> Task :app:generateDebugResValues FROM-CACHE
> Task :app:checkDebugAarMetadata
> Task :app:mapDebugSourceSetPaths
> Task :app:generateDebugResources
> Task :app:createDebugCompatibleScreenManifests
> Task :app:extractDeepLinksDebug FROM-CACHE
> Task :app:processDebugMainManifest FROM-CACHE
> Task :app:processDebugManifest FROM-CACHE
> Task :app:processDebugManifestForPackage FROM-CACHE
> Task :app:javaPreCompileDebug FROM-CACHE
> Task :app:mergeDebugShaders
> Task :app:compileDebugShaders NO-SOURCE
> Task :app:generateDebugAssets UP-TO-DATE
> Task :app:mergeDebugAssets
> Task :app:compressDebugAssets FROM-CACHE
> Task :app:desugarDebugFileDependencies FROM-CACHE
> Task :app:mergeDebugResources
> Task :app:checkDebugDuplicateClasses
> Task :app:packageDebugResources
> Task :app:parseDebugLocalResources FROM-CACHE
> Task :app:processDebugResources FROM-CACHE
> Task :app:mergeExtDexDebug
> Task :app:mergeLibDexDebug
> Task :app:mergeDebugJniLibFolders
> Task :app:mergeDebugNativeLibs

> Task :app:stripDebugDebugSymbols
Unable to strip the following libraries, packaging them as they are: libandroidx.graphics.path.so, libdatastore_shared_counter.so.

> Task :app:validateSigningDebug
> Task :app:writeDebugAppMetadata
> Task :app:writeDebugSigningConfigVersions
> Task :app:compileDebugKotlin
e: file:///home/z/audit-wt/AreenaxNativeAndroid/app/src/main/java/com/areenax/nativeapp/core/ui/BankSelectSheet.kt:144:47 Unresolved reference 'areenaColors'.
e: file:///home/z/audit-wt/AreenaxNativeAndroid/app/src/main/java/com/areenax/nativeapp/core/ui/BankSelectSheet.kt:145:45 Unresolved reference 'areenaColors'.
e: file:///home/z/audit-wt/AreenaxNativeAndroid/app/src/main/java/com/areenax/nativeapp/core/ui/EmptyState.kt:11:43 Unresolved reference 'minHeight'.
e: file:///home/z/audit-wt/AreenaxNativeAndroid/app/src/main/java/com/areenax/nativeapp/core/ui/EmptyState.kt:48:14 Unresolved reference 'minHeight'.
e: file:///home/z/audit-wt/AreenaxNativeAndroid/app/src/main/java/com/areenax/nativeapp/core/ui/QRCodeImage.kt:74:13 Unresolved reference 'Box'.
e: file:///home/z/audit-wt/AreenaxNativeAndroid/app/src/main/java/com/areenax/nativeapp/core/ui/QrSheet.kt:116:25 Unresolved reference 'areenaColors'.
e: file:///home/z/audit-wt/AreenaxNativeAndroid/app/src/main/java/com/areenax/nativeapp/core/ui/QrSheet.kt:362:29 Unresolved reference 'areenaColors'.
e: file:///home/z/audit-wt/AreenaxNativeAndroid/app/src/main/java/com/areenax/nativeapp/core/ui/QrSheet.kt:374:46 Unresolved reference 'areenaColors'.
e: file:///home/z/audit-wt/AreenaxNativeAndroid/app/src/main/java/com/areenax/nativeapp/core/ui/QrSheet.kt:472:54 Unresolved reference 'areenaColors'.
e: file:///home/z/audit-wt/AreenaxNativeAndroid/app/src/main/java/com/areenax/nativeapp/core/ui/QrSheet.kt:540:29 Unresolved reference 'areenaColors'.
e: file:///home/z/audit-wt/AreenaxNativeAndroid/app/src/main/java/com/areenax/nativeapp/core/ui/QrSheet.kt:556:54 Unresolved reference 'areenaColors'.
e: file:///home/z/audit-wt/AreenaxNativeAndroid/app/src/main/java/com/areenax/nativeapp/core/ui/ResultProofSheet.kt:41:40 Unresolved reference 'UploadCaps'.
e: file:///home/z/audit-wt/AreenaxNativeAndroid/app/src/main/java/com/areenax/nativeapp/core/ui/ResultProofSheet.kt:158:29 Unresolved reference 'Color'.
e: file:///home/z/audit-wt/AreenaxNativeAndroid/app/src/main/java/com/areenax/nativeapp/core/ui/RoomInfoSheet.kt:204:25 Unresolved reference 'areenaColors'.
e: file:///home/z/audit-wt/AreenaxNativeAndroid/app/src/main/java/com/areenax/nativeapp/core/ui/ToastHost.kt:197:52 None of the following candidates is applicable:
fun copy(brush: Brush?, alpha: Float = ..., fontSize: TextUnit = ..., fontWeight: FontWeight? = ..., fontStyle: FontStyle? = ..., fontSynthesis: FontSynthesis? = ..., fontFamily: FontFamily? = ..., fontFeatureSettings: String? = ..., letterSpacing: TextUnit = ..., baselineShift: BaselineShift? = ..., textGeometricTransform: TextGeometricTransform? = ..., localeList: LocaleList? = ..., background: Color = ..., textDecoration: TextDecoration? = ..., shadow: Shadow? = ..., drawStyle: DrawStyle? = ..., textAlign: TextAlign = ..., textDirection: TextDirection = ..., lineHeight: TextUnit = ..., textIndent: TextIndent? = ..., platformStyle: PlatformTextStyle? = ..., lineHeightStyle: LineHeightStyle? = ..., lineBreak: LineBreak = ..., hyphens: Hyphens = ..., textMotion: TextMotion? = ...): TextStyle
fun copy(color: Color = ..., fontSize: TextUnit = ..., fontWeight: FontWeight? = ..., fontStyle: FontStyle? = ..., fontSynthesis: FontSynthesis? = ..., fontFamily: FontFamily? = ..., fontFeatureSettings: String? = ..., letterSpacing: TextUnit = ..., baselineShift: BaselineShift? = ..., textGeometricTransform: TextGeometricTransform? = ..., localeList: LocaleList? = ..., background: Color = ..., textDecoration: TextDecoration? = ..., shadow: Shadow? = ..., drawStyle: DrawStyle? = ..., textAlign: TextAlign = ..., textDirection: TextDirection = ..., lineHeight: TextUnit = ..., textIndent: TextIndent? = ..., platformStyle: PlatformTextStyle? = ..., lineHeightStyle: LineHeightStyle? = ..., lineBreak: LineBreak = ..., hyphens: Hyphens = ..., textMotion: TextMotion? = ...): TextStyle
e: file:///home/z/audit-wt/AreenaxNativeAndroid/app/src/main/java/com/areenax/nativeapp/core/ui/WhatsAppFab.kt:67:17 Unresolved reference 'areenaColors'.
e: file:///home/z/audit-wt/AreenaxNativeAndroid/app/src/main/java/com/areenax/nativeapp/ui/screens/auth/LoginScreen.kt:459:16 Unresolved reference 'TextStyle'.
e: file:///home/z/audit-wt/AreenaxNativeAndroid/app/src/main/java/com/areenax/nativeapp/ui/screens/auth/LoginScreen.kt:492:39 Unresolved reference 'copy'.
e: file:///home/z/audit-wt/AreenaxNativeAndroid/app/src/main/java/com/areenax/nativeapp/ui/screens/auth/LoginScreen.kt:503:51 Unresolved reference 'copy'.
e: file:///home/z/audit-wt/AreenaxNativeAndroid/app/src/main/java/com/areenax/nativeapp/ui/screens/auth/SignupScreen.kt:201:33 Condition type mismatch: inferred type is 'kotlin.String' but 'Boolean' was expected.
e: file:///home/z/audit-wt/AreenaxNativeAndroid/app/src/main/java/com/areenax/nativeapp/ui/screens/host/HostDetailsScreen.kt:603:83 Unresolved reference 'surfaceContainerLavender'.
e: file:///home/z/audit-wt/AreenaxNativeAndroid/app/src/main/java/com/areenax/nativeapp/ui/screens/host/HostDetailsScreen.kt:647:83 Unresolved reference 'surfaceContainerLavender'.
e: file:///home/z/audit-wt/AreenaxNativeAndroid/app/src/main/java/com/areenax/nativeapp/ui/screens/host/HostDetailsScreen.kt:877:30 Unresolved reference 'widthIn'.
e: file:///home/z/audit-wt/AreenaxNativeAndroid/app/src/main/java/com/areenax/nativeapp/ui/screens/main/HomeScreen.kt:229:48 Argument type mismatch: actual type is 'androidx.compose.animation.EnterTransition', but 'androidx.compose.animation.ExitTransition' was expected.
e: file:///home/z/audit-wt/AreenaxNativeAndroid/app/src/main/java/com/areenax/nativeapp/ui/screens/main/TournamentDetailsScreen.kt:1047:35 Argument type mismatch: actual type is 'kotlin.Unit', but '@Composable() androidx.compose.runtime.internal.ComposableFunction0<kotlin.Unit>' was expected.
e: file:///home/z/audit-wt/AreenaxNativeAndroid/app/src/main/java/com/areenax/nativeapp/ui/screens/main/TournamentDetailsScreen.kt:1055:35 Argument type mismatch: actual type is 'kotlin.Unit', but '@Composable() androidx.compose.runtime.internal.ComposableFunction0<kotlin.Unit>' was expected.
e: file:///home/z/audit-wt/AreenaxNativeAndroid/app/src/main/java/com/areenax/nativeapp/ui/screens/main/TournamentsScreen.kt:14:43 Unresolved reference 'minHeight'.
e: file:///home/z/audit-wt/AreenaxNativeAndroid/app/src/main/java/com/areenax/nativeapp/ui/screens/main/TournamentsScreen.kt:261:14 Unresolved reference 'minHeight'.
e: file:///home/z/audit-wt/AreenaxNativeAndroid/app/src/main/java/com/areenax/nativeapp/ui/screens/profile/AchievementsScreen.kt:190:63 @Composable invocations can only happen from the context of a @Composable function
e: file:///home/z/audit-wt/AreenaxNativeAndroid/app/src/main/java/com/areenax/nativeapp/ui/screens/profile/AchievementsScreen.kt:199:63 @Composable invocations can only happen from the context of a @Composable function
e: file:///home/z/audit-wt/AreenaxNativeAndroid/app/src/main/java/com/areenax/nativeapp/ui/screens/profile/AdminPanelScreen.kt:46:39 Unresolved reference 'KeyboardOptions'.
e: file:///home/z/audit-wt/AreenaxNativeAndroid/app/src/main/java/com/areenax/nativeapp/ui/screens/profile/AdminPanelScreen.kt:120:34 Unresolved reference 'collectAsState'.
e: file:///home/z/audit-wt/AreenaxNativeAndroid/app/src/main/java/com/areenax/nativeapp/ui/screens/profile/AdminPanelScreen.kt:121:22 Unresolved reference 'role'.
e: file:///home/z/audit-wt/AreenaxNativeAndroid/app/src/main/java/com/areenax/nativeapp/ui/screens/profile/AdminPanelScreen.kt:1197:98 Unresolved reference 'charAt'.
e: file:///home/z/audit-wt/AreenaxNativeAndroid/app/src/main/java/com/areenax/nativeapp/ui/screens/profile/AdminPanelScreen.kt:1782:63 Argument type mismatch: actual type is 'com.areenax.nativeapp.core.network.AdminReconcileResponse', but 'com.areenax.nativeapp.data.AdminSecurityResponse' was expected.
e: file:///home/z/audit-wt/AreenaxNativeAndroid/app/src/main/java/com/areenax/nativeapp/ui/screens/profile/AdminPanelScreen.kt:1785:39 Assignment type mismatch: actual type is 'kotlin.collections.List<com.areenax.nativeapp.data.AdminSecurityItem>', but 'kotlin.collections.List<com.areenax.nativeapp.data.AdminReconcileRow>?' was expected.
e: file:///home/z/audit-wt/AreenaxNativeAndroid/app/src/main/java/com/areenax/nativeapp/ui/screens/profile/AdminPanelScreen.kt:2119:27 Unresolved reference 'KeyboardOptions'.
e: file:///home/z/audit-wt/AreenaxNativeAndroid/app/src/main/java/com/areenax/nativeapp/ui/screens/profile/AdminPanelScreen.kt:2172:31 Unresolved reference 'KeyboardOptions'.
e: file:///home/z/audit-wt/AreenaxNativeAndroid/app/src/main/java/com/areenax/nativeapp/ui/screens/profile/AdminTournamentsScreen.kt:42:39 Unresolved reference 'KeyboardOptions'.
e: file:///home/z/audit-wt/AreenaxNativeAndroid/app/src/main/java/com/areenax/nativeapp/ui/screens/profile/AdminTournamentsScreen.kt:618:154 Unresolved reference 'charAt'.
e: file:///home/z/audit-wt/AreenaxNativeAndroid/app/src/main/java/com/areenax/nativeapp/ui/screens/profile/AdminTournamentsScreen.kt:777:27 Unresolved reference 'KeyboardOptions'.
e: file:///home/z/audit-wt/AreenaxNativeAndroid/app/src/main/java/com/areenax/nativeapp/ui/screens/profile/BindAccountScreen.kt:37:39 Unresolved reference 'KeyboardOptions'.
e: file:///home/z/audit-wt/AreenaxNativeAndroid/app/src/main/java/com/areenax/nativeapp/ui/screens/profile/BindAccountScreen.kt:91:34 Unresolved reference 'collectAsState'.
e: file:///home/z/audit-wt/AreenaxNativeAndroid/app/src/main/java/com/areenax/nativeapp/ui/screens/profile/BindAccountScreen.kt:396:48 Unresolved reference 'isGuest'.
e: file:///home/z/audit-wt/AreenaxNativeAndroid/app/src/main/java/com/areenax/nativeapp/ui/screens/profile/BindAccountScreen.kt:512:31 Unresolved reference 'KeyboardOptions'.
e: file:///home/z/audit-wt/AreenaxNativeAndroid/app/src/main/java/com/areenax/nativeapp/ui/screens/profile/GamesAdminSection.kt:39:39 Unresolved reference 'KeyboardOptions'.
e: file:///home/z/audit-wt/AreenaxNativeAndroid/app/src/main/java/com/areenax/nativeapp/ui/screens/profile/GamesAdminSection.kt:136:17 Expression expected, but package name found.
e: file:///home/z/audit-wt/AreenaxNativeAndroid/app/src/main/java/com/areenax/nativeapp/ui/screens/profile/GamesAdminSection.kt:136:24 One type argument expected. Use class 'Success' if you don't intend to pass type arguments.
e: file:///home/z/audit-wt/AreenaxNativeAndroid/app/src/main/java/com/areenax/nativeapp/ui/screens/profile/GamesAdminSection.kt:386:21 Cannot infer type for this parameter. Please specify it explicitly.
e: file:///home/z/audit-wt/AreenaxNativeAndroid/app/src/main/java/com/areenax/nativeapp/ui/screens/profile/GamesAdminSection.kt:386:21 Not enough information to infer type argument for 'T'.
e: file:///home/z/audit-wt/AreenaxNativeAndroid/app/src/main/java/com/areenax/nativeapp/ui/screens/profile/GamesAdminSection.kt:386:21 Cannot infer type for this parameter. Please specify it explicitly.
e: file:///home/z/audit-wt/AreenaxNativeAndroid/app/src/main/java/com/areenax/nativeapp/ui/screens/profile/GamesAdminSection.kt:386:21 Not enough information to infer type argument for 'T'.
e: file:///home/z/audit-wt/AreenaxNativeAndroid/app/src/main/java/com/areenax/nativeapp/ui/screens/profile/GamesAdminSection.kt:386:32 Cannot infer type for this parameter. Please specify it explicitly.
e: file:///home/z/audit-wt/AreenaxNativeAndroid/app/src/main/java/com/areenax/nativeapp/ui/screens/profile/GamesAdminSection.kt:386:32 Not enough information to infer type argument for 'T'.
e: file:///home/z/audit-wt/AreenaxNativeAndroid/app/src/main/java/com/areenax/nativeapp/ui/screens/profile/GamesAdminSection.kt:386:47 None of the following candidates is applicable:
fun String(bytes: ByteArray): String
fun String(chars: CharArray): String
fun String(stringBuffer: StringBuffer): String
fun String(stringBuilder: StringBuilder): String
e: file:///home/z/audit-wt/AreenaxNativeAndroid/app/src/main/java/com/areenax/nativeapp/ui/screens/profile/GamesAdminSection.kt:703:27 Unresolved reference 'KeyboardOptions'.
e: file:///home/z/audit-wt/AreenaxNativeAndroid/app/src/main/java/com/areenax/nativeapp/ui/screens/profile/LeaderboardScreen.kt:254:101 Unresolved reference 'charAt'.
e: file:///home/z/audit-wt/AreenaxNativeAndroid/app/src/main/java/com/areenax/nativeapp/ui/screens/profile/LeaderboardScreen.kt:345:99 Unresolved reference 'charAt'.
e: file:///home/z/audit-wt/AreenaxNativeAndroid/app/src/main/java/com/areenax/nativeapp/ui/screens/profile/LeaderboardScreen.kt:372:77 Unresolved reference 'charAt'.
e: file:///home/z/audit-wt/AreenaxNativeAndroid/app/src/main/java/com/areenax/nativeapp/ui/screens/profile/LeaderboardScreen.kt:432:72 Unresolved reference 'charAt'.
e: file:///home/z/audit-wt/AreenaxNativeAndroid/app/src/main/java/com/areenax/nativeapp/ui/screens/profile/LeaderboardScreen.kt:460:73 Unresolved reference 'charAt'.
e: file:///home/z/audit-wt/AreenaxNativeAndroid/app/src/main/java/com/areenax/nativeapp/ui/screens/profile/ProfileScreen.kt:165:46 Unresolved reference 'charAt'.
e: file:///home/z/audit-wt/AreenaxNativeAndroid/app/src/main/java/com/areenax/nativeapp/ui/screens/profile/ResultProofsAdminSection.kt:420:14 Unresolved reference 'pressScale'.
e: file:///home/z/audit-wt/AreenaxNativeAndroid/app/src/main/java/com/areenax/nativeapp/ui/screens/social/ChatScreen.kt:142:43 Unresolved reference 'message'.
e: file:///home/z/audit-wt/AreenaxNativeAndroid/app/src/main/java/com/areenax/nativeapp/ui/screens/social/ChatScreen.kt:247:38 Unresolved reference 'letter'.
e: file:///home/z/audit-wt/AreenaxNativeAndroid/app/src/main/java/com/areenax/nativeapp/ui/screens/social/FriendsScreen.kt:199:43 Unresolved reference 'message'.
e: file:///home/z/audit-wt/AreenaxNativeAndroid/app/src/main/java/com/areenax/nativeapp/ui/screens/social/FriendsScreen.kt:231:43 Unresolved reference 'message'.
e: file:///home/z/audit-wt/AreenaxNativeAndroid/app/src/main/java/com/areenax/nativeapp/ui/screens/social/FriendsScreen.kt:385:49 Unresolved reference 'width'.
e: file:///home/z/audit-wt/AreenaxNativeAndroid/app/src/main/java/com/areenax/nativeapp/ui/screens/social/FriendsScreen.kt:392:49 Unresolved reference 'width'.
e: file:///home/z/audit-wt/AreenaxNativeAndroid/app/src/main/java/com/areenax/nativeapp/ui/screens/social/FriendsScreen.kt:398:49 Unresolved reference 'width'.
e: file:///home/z/audit-wt/AreenaxNativeAndroid/app/src/main/java/com/areenax/nativeapp/ui/screens/social/FriendsScreen.kt:580:61 Unresolved reference 'width'.
e: file:///home/z/audit-wt/AreenaxNativeAndroid/app/src/main/java/com/areenax/nativeapp/ui/screens/social/FriendsScreen.kt:633:57 Unresolved reference 'width'.
e: file:///home/z/audit-wt/AreenaxNativeAndroid/app/src/main/java/com/areenax/nativeapp/ui/screens/social/FriendsScreen.kt:793:33 Unresolved reference 'width'.
e: file:///home/z/audit-wt/AreenaxNativeAndroid/app/src/main/java/com/areenax/nativeapp/ui/screens/social/FriendsScreen.kt:807:33 Unresolved reference 'width'.
e: file:///home/z/audit-wt/AreenaxNativeAndroid/app/src/main/java/com/areenax/nativeapp/ui/screens/social/FriendsScreen.kt:870:29 Unresolved reference 'width'.
e: file:///home/z/audit-wt/AreenaxNativeAndroid/app/src/main/java/com/areenax/nativeapp/ui/screens/social/FriendsScreen.kt:896:29 Unresolved reference 'width'.
e: file:///home/z/audit-wt/AreenaxNativeAndroid/app/src/main/java/com/areenax/nativeapp/ui/screens/social/FriendsScreen.kt:982:37 Unresolved reference 'width'.
e: file:///home/z/audit-wt/AreenaxNativeAndroid/app/src/main/java/com/areenax/nativeapp/ui/screens/social/FriendsScreen.kt:1080:45 Unresolved reference 'width'.
e: file:///home/z/audit-wt/AreenaxNativeAndroid/app/src/main/java/com/areenax/nativeapp/ui/screens/social/FriendsScreen.kt:1131:37 Unresolved reference 'width'.
e: file:///home/z/audit-wt/AreenaxNativeAndroid/app/src/main/java/com/areenax/nativeapp/ui/screens/social/FriendsScreen.kt:1165:25 Unresolved reference 'width'.
e: file:///home/z/audit-wt/AreenaxNativeAndroid/app/src/main/java/com/areenax/nativeapp/ui/screens/social/MyTeamScreen.kt:438:71 Unresolved reference 'message'.
e: file:///home/z/audit-wt/AreenaxNativeAndroid/app/src/main/java/com/areenax/nativeapp/ui/screens/social/NotificationsScreen.kt:122:43 Unresolved reference 'message'.
e: file:///home/z/audit-wt/AreenaxNativeAndroid/app/src/main/java/com/areenax/nativeapp/ui/screens/social/TasksScreen.kt:114:43 Unresolved reference 'message'.
e: file:///home/z/audit-wt/AreenaxNativeAndroid/app/src/main/java/com/areenax/nativeapp/ui/screens/social/TeamCreationScreen.kt:125:43 Unresolved reference 'message'.
e: file:///home/z/audit-wt/AreenaxNativeAndroid/app/src/main/java/com/areenax/nativeapp/ui/screens/social/TeamCreationScreen.kt:154:21 Unresolved reference 'Icon'.
e: file:///home/z/audit-wt/AreenaxNativeAndroid/app/src/main/java/com/areenax/nativeapp/ui/screens/social/TeamCreationScreen.kt:510:25 Unresolved reference 'Icon'.
e: file:///home/z/audit-wt/AreenaxNativeAndroid/app/src/main/java/com/areenax/nativeapp/ui/screens/wallet/ConfirmWithdrawScreen.kt:266:24 Argument type mismatch: actual type is 'androidx.compose.ui.Alignment', but 'androidx.compose.ui.Alignment.Horizontal' was expected.
e: file:///home/z/audit-wt/AreenaxNativeAndroid/app/src/main/java/com/areenax/nativeapp/ui/screens/wallet/TransferScreen.kt:529:65 Unresolved reference 'Color'.
e: file:///home/z/audit-wt/AreenaxNativeAndroid/app/src/main/java/com/areenax/nativeapp/ui/screens/wallet/TransferScreen.kt:558:29 No parameter with name 'pivot' found.
e: file:///home/z/audit-wt/AreenaxNativeAndroid/app/src/main/java/com/areenax/nativeapp/ui/screens/wallet/WalletScreen.kt:144:34 Unresolved reference 'collectAsState'.
e: file:///home/z/audit-wt/AreenaxNativeAndroid/app/src/main/java/com/areenax/nativeapp/ui/screens/wallet/WalletScreen.kt:146:60 Unresolved reference 'balance'.
e: file:///home/z/audit-wt/AreenaxNativeAndroid/app/src/main/java/com/areenax/nativeapp/ui/screens/wallet/WalletScreen.kt:297:59 Unresolved reference 'isGuest'.
e: file:///home/z/audit-wt/AreenaxNativeAndroid/app/src/main/java/com/areenax/nativeapp/ui/screens/wallet/WalletScreen.kt:309:59 Unresolved reference 'isGuest'.
e: file:///home/z/audit-wt/AreenaxNativeAndroid/app/src/main/java/com/areenax/nativeapp/ui/screens/wallet/WalletScreen.kt:321:59 Unresolved reference 'isGuest'.

> Task :app:compileDebugKotlin FAILED

FAILURE: Build failed with an exception.

* What went wrong:
Execution failed for task ':app:compileDebugKotlin'.
> A failure occurred while executing org.jetbrains.kotlin.compilerRunner.GradleCompilerRunnerWithWorkers$GradleKotlinCompilerWorkAction
   > Compilation error. See log for more details

* Try:
> Run with --stacktrace option to get the stack trace.
> Run with --info or --debug option to get more log output.
> Run with --scan to get full insights.
> Get more help at https://help.gradle.org.

BUILD FAILED in 1m 11s
28 actionable tasks: 18 executed, 10 from cache
