Starting a Gradle Daemon (subsequent builds will be faster)

> Configure project :app
w: file:///home/z/my-project/AreenaxNativeAndroid/app/build.gradle.kts:40:9: 'resourceConfigurations: MutableSet<String>' is deprecated. Support for resource configurations will be removed. For language resource configurations in applications, use androidResources.localeFilters.
Checking the license for package Android SDK Platform 36 in /home/z/android-sdk/licenses
License for package Android SDK Platform 36 accepted.
Preparing "Install Android SDK Platform 36 (revision 2)".
"Install Android SDK Platform 36 (revision 2)" ready.
Installing Android SDK Platform 36 in /home/z/android-sdk/platforms/android-36
"Install Android SDK Platform 36 (revision 2)" complete.
"Install Android SDK Platform 36 (revision 2)" finished.

> Task :app:preBuild UP-TO-DATE
> Task :app:preDebugBuild UP-TO-DATE
> Task :app:mergeDebugNativeDebugMetadata NO-SOURCE
> Task :app:checkKotlinGradlePluginConfigurationErrors SKIPPED
> Task :app:generateDebugResValues
> Task :app:checkDebugAarMetadata
> Task :app:mapDebugSourceSetPaths
> Task :app:generateDebugResources
> Task :app:createDebugCompatibleScreenManifests
> Task :app:extractDeepLinksDebug
> Task :app:processDebugMainManifest
> Task :app:mergeDebugResources
> Task :app:processDebugManifest
> Task :app:packageDebugResources
> Task :app:processDebugManifestForPackage
> Task :app:javaPreCompileDebug
> Task :app:mergeDebugShaders
> Task :app:compileDebugShaders NO-SOURCE
> Task :app:generateDebugAssets UP-TO-DATE
> Task :app:parseDebugLocalResources
> Task :app:mergeDebugAssets
> Task :app:compressDebugAssets
> Task :app:desugarDebugFileDependencies
> Task :app:processDebugResources
> Task :app:checkDebugDuplicateClasses
> Task :app:compileDebugKotlin
> Task :app:mergeExtDexDebug

> Task :app:compileDebugKotlin
e: file:///home/z/my-project/AreenaxNativeAndroid/app/src/main/java/com/areenax/nativeapp/core/network/ApiClient.kt:154:1 Syntax error: Expecting an element.
e: file:///home/z/my-project/AreenaxNativeAndroid/app/src/main/java/com/areenax/nativeapp/core/network/ApiClient.kt:154:2 Syntax error: Unexpected tokens (use ';' to separate expressions on the same line).
e: file:///home/z/my-project/AreenaxNativeAndroid/app/src/main/java/com/areenax/nativeapp/core/network/ApiClient.kt:157:1 Syntax error: Expecting an element.
e: file:///home/z/my-project/AreenaxNativeAndroid/app/src/main/java/com/areenax/nativeapp/core/network/ApiClient.kt:157:4 Syntax error: Unexpected tokens (use ';' to separate expressions on the same line).
e: file:///home/z/my-project/AreenaxNativeAndroid/app/src/main/java/com/areenax/nativeapp/core/network/ApiClient.kt:161:1 Syntax error: Expecting an element.
e: file:///home/z/my-project/AreenaxNativeAndroid/app/src/main/java/com/areenax/nativeapp/core/network/ApiClient.kt:161:2 Syntax error: Unexpected tokens (use ';' to separate expressions on the same line).
e: file:///home/z/my-project/AreenaxNativeAndroid/app/src/main/java/com/areenax/nativeapp/core/network/ApiClient.kt:166:1 Missing return statement.
e: file:///home/z/my-project/AreenaxNativeAndroid/app/src/main/java/com/areenax/nativeapp/core/network/ApiClient.kt:166:2 Syntax error: Missing '}.

> Task :app:compileDebugKotlin FAILED

FAILURE: Build failed with an exception.

* What went wrong:
Execution failed for task ':app:compileDebugKotlin'.
> A failure occurred while executing org.jetbrains.kotlin.compilerRunner.GradleCompilerRunnerWithWorkers$GradleKotlinCompilerWorkAction
   > Compilation error. See log for more details

* Try:
> Run with --stacktrace option to get the stack trace.
> Run with --info or --debug option to get more log output.
> Run with --scan to get full insights.
> Get more help at https://help.gradle.org.

BUILD FAILED in 3m 44s
21 actionable tasks: 21 executed
