To honour the JVM settings for this build a single-use Daemon process will be forked. For more on this, please refer to https://docs.gradle.org/8.11.1/userguide/gradle_daemon.html#sec:disabling_the_daemon in the Gradle documentation.
Daemon will be stopped at the end of the build 
> Task :app:checkKotlinGradlePluginConfigurationErrors SKIPPED
> Task :app:preBuild UP-TO-DATE
> Task :app:preDebugBuild UP-TO-DATE
> Task :app:checkDebugAarMetadata UP-TO-DATE
> Task :app:generateDebugResValues UP-TO-DATE
> Task :app:mapDebugSourceSetPaths UP-TO-DATE
> Task :app:generateDebugResources UP-TO-DATE
> Task :app:mergeDebugResources UP-TO-DATE
> Task :app:packageDebugResources UP-TO-DATE
> Task :app:parseDebugLocalResources UP-TO-DATE
> Task :app:createDebugCompatibleScreenManifests UP-TO-DATE
> Task :app:extractDeepLinksDebug UP-TO-DATE
> Task :app:processDebugMainManifest UP-TO-DATE
> Task :app:processDebugManifest UP-TO-DATE
> Task :app:processDebugManifestForPackage UP-TO-DATE
> Task :app:processDebugResources UP-TO-DATE

> Task :app:compileDebugKotlin
e: file:///home/z/audit-wt/AreenaxNativeAndroid/app/src/main/java/com/areenax/nativeapp/core/ui/PressScaleIndication.kt:34:9 Return type mismatch: expected 'androidx.compose.ui.node.DelegatableNode', actual 'com.areenax.nativeapp.core.ui.PressScaleElement'.
e: file:///home/z/audit-wt/AreenaxNativeAndroid/app/src/main/java/com/areenax/nativeapp/core/ui/PressScaleIndication.kt:52:9 Class 'PressScaleNode' is not abstract and does not implement abstract member 'draw'.
e: file:///home/z/audit-wt/AreenaxNativeAndroid/app/src/main/java/com/areenax/nativeapp/core/ui/PressScaleIndication.kt:72:5 'draw' overrides nothing. Potential signatures for overriding:
fun ContentDrawScope.draw(): Unit
e: file:///home/z/audit-wt/AreenaxNativeAndroid/app/src/main/java/com/areenax/nativeapp/core/ui/PressScaleIndication.kt:72:18 Unresolved reference 'ContentDrawScope'.
e: file:///home/z/audit-wt/AreenaxNativeAndroid/app/src/main/java/com/areenax/nativeapp/core/ui/PressScaleIndication.kt:74:40 Unresolved reference 'size'.
e: file:///home/z/audit-wt/AreenaxNativeAndroid/app/src/main/java/com/areenax/nativeapp/core/ui/PressScaleIndication.kt:74:57 Unresolved reference 'size'.
e: file:///home/z/audit-wt/AreenaxNativeAndroid/app/src/main/java/com/areenax/nativeapp/core/ui/PressScaleIndication.kt:75:17 Unresolved reference 'ContentDrawScope'.
e: file:///home/z/audit-wt/AreenaxNativeAndroid/app/src/main/java/com/areenax/nativeapp/core/ui/PressScaleIndication.kt:75:27 Unresolved reference 'drawContent'.
e: file:///home/z/audit-wt/AreenaxNativeAndroid/app/src/main/java/com/areenax/nativeapp/core/ui/PressScaleIndication.kt:78:13 Unresolved reference 'drawContent'.

> Task :app:compileDebugKotlin FAILED

FAILURE: Build failed with an exception.

* What went wrong:
Execution failed for task ':app:compileDebugKotlin'.
> A failure occurred while executing org.jetbrains.kotlin.compilerRunner.GradleCompilerRunnerWithWorkers$GradleKotlinCompilerWorkAction
   > Compilation error. See log for more details

* Try:
> Run with --stacktrace option to get the stack trace.
> Run with --info or --debug option to get more log output.
> Run with --scan to get full insights.
> Get more help at https://help.gradle.org.

BUILD FAILED in 21s
14 actionable tasks: 1 executed, 13 up-to-date
