To honour the JVM settings for this build a single-use Daemon process will be forked. For more on this, please refer to https://docs.gradle.org/8.10.2/userguide/gradle_daemon.html#sec:disabling_the_daemon in the Gradle documentation.
Daemon will be stopped at the end of the build 
> Task :app:preBuild UP-TO-DATE
> Task :app:preDebugBuild UP-TO-DATE
> Task :app:mergeDebugNativeDebugMetadata NO-SOURCE
> Task :app:checkKotlinGradlePluginConfigurationErrors SKIPPED
> Task :app:checkDebugAarMetadata UP-TO-DATE
> Task :app:generateDebugResValues UP-TO-DATE
> Task :app:mapDebugSourceSetPaths UP-TO-DATE
> Task :app:generateDebugResources UP-TO-DATE
> Task :app:mergeDebugResources UP-TO-DATE
> Task :app:packageDebugResources UP-TO-DATE
> Task :app:parseDebugLocalResources UP-TO-DATE
> Task :app:createDebugCompatibleScreenManifests UP-TO-DATE
> Task :app:extractDeepLinksDebug UP-TO-DATE
> Task :app:processDebugMainManifest UP-TO-DATE
> Task :app:processDebugManifest UP-TO-DATE
> Task :app:processDebugManifestForPackage UP-TO-DATE
> Task :app:processDebugResources UP-TO-DATE
> Task :app:javaPreCompileDebug UP-TO-DATE
> Task :app:mergeDebugShaders UP-TO-DATE
> Task :app:compileDebugShaders NO-SOURCE
> Task :app:generateDebugAssets UP-TO-DATE
> Task :app:mergeDebugAssets UP-TO-DATE
> Task :app:compressDebugAssets UP-TO-DATE
> Task :app:desugarDebugFileDependencies UP-TO-DATE
> Task :app:checkDebugDuplicateClasses UP-TO-DATE
> Task :app:mergeExtDexDebug UP-TO-DATE
> Task :app:mergeLibDexDebug UP-TO-DATE
> Task :app:mergeDebugJniLibFolders UP-TO-DATE
> Task :app:mergeDebugNativeLibs UP-TO-DATE
> Task :app:stripDebugDebugSymbols UP-TO-DATE
> Task :app:validateSigningDebug UP-TO-DATE
> Task :app:writeDebugAppMetadata UP-TO-DATE
> Task :app:writeDebugSigningConfigVersions UP-TO-DATE
> Task :app:compileDebugKotlin
e: file:///home/z/audit-wt/AreenaxNativeAndroid/app/src/main/java/com/areenax/nativeapp/core/ui/EmptyState.kt:11:43 Unresolved reference 'minHeight'.
e: file:///home/z/audit-wt/AreenaxNativeAndroid/app/src/main/java/com/areenax/nativeapp/core/ui/EmptyState.kt:48:14 Unresolved reference 'minHeight'.
e: file:///home/z/audit-wt/AreenaxNativeAndroid/app/src/main/java/com/areenax/nativeapp/core/ui/ToastHost.kt:197:52 None of the following candidates is applicable:
fun copy(brush: Brush?, alpha: Float = ..., fontSize: TextUnit = ..., fontWeight: FontWeight? = ..., fontStyle: FontStyle? = ..., fontSynthesis: FontSynthesis? = ..., fontFamily: FontFamily? = ..., fontFeatureSettings: String? = ..., letterSpacing: TextUnit = ..., baselineShift: BaselineShift? = ..., textGeometricTransform: TextGeometricTransform? = ..., localeList: LocaleList? = ..., background: Color = ..., textDecoration: TextDecoration? = ..., shadow: Shadow? = ..., drawStyle: DrawStyle? = ..., textAlign: TextAlign = ..., textDirection: TextDirection = ..., lineHeight: TextUnit = ..., textIndent: TextIndent? = ..., platformStyle: PlatformTextStyle? = ..., lineHeightStyle: LineHeightStyle? = ..., lineBreak: LineBreak = ..., hyphens: Hyphens = ..., textMotion: TextMotion? = ...): TextStyle
fun copy(color: Color = ..., fontSize: TextUnit = ..., fontWeight: FontWeight? = ..., fontStyle: FontStyle? = ..., fontSynthesis: FontSynthesis? = ..., fontFamily: FontFamily? = ..., fontFeatureSettings: String? = ..., letterSpacing: TextUnit = ..., baselineShift: BaselineShift? = ..., textGeometricTransform: TextGeometricTransform? = ..., localeList: LocaleList? = ..., background: Color = ..., textDecoration: TextDecoration? = ..., shadow: Shadow? = ..., drawStyle: DrawStyle? = ..., textAlign: TextAlign = ..., textDirection: TextDirection = ..., lineHeight: TextUnit = ..., textIndent: TextIndent? = ..., platformStyle: PlatformTextStyle? = ..., lineHeightStyle: LineHeightStyle? = ..., lineBreak: LineBreak = ..., hyphens: Hyphens = ..., textMotion: TextMotion? = ...): TextStyle
e: file:///home/z/audit-wt/AreenaxNativeAndroid/app/src/main/java/com/areenax/nativeapp/ui/screens/auth/SignupScreen.kt:201:33 Condition type mismatch: inferred type is 'kotlin.String' but 'Boolean' was expected.
e: file:///home/z/audit-wt/AreenaxNativeAndroid/app/src/main/java/com/areenax/nativeapp/ui/screens/host/HostDetailsScreen.kt:604:83 Unresolved reference 'surfaceContainerLavender'.
e: file:///home/z/audit-wt/AreenaxNativeAndroid/app/src/main/java/com/areenax/nativeapp/ui/screens/host/HostDetailsScreen.kt:648:83 Unresolved reference 'surfaceContainerLavender'.
e: file:///home/z/audit-wt/AreenaxNativeAndroid/app/src/main/java/com/areenax/nativeapp/ui/screens/main/HomeScreen.kt:229:48 Argument type mismatch: actual type is 'androidx.compose.animation.EnterTransition', but 'androidx.compose.animation.ExitTransition' was expected.
e: file:///home/z/audit-wt/AreenaxNativeAndroid/app/src/main/java/com/areenax/nativeapp/ui/screens/main/TournamentDetailsScreen.kt:1047:35 Argument type mismatch: actual type is 'kotlin.Unit', but '@Composable() androidx.compose.runtime.internal.ComposableFunction0<kotlin.Unit>' was expected.
e: file:///home/z/audit-wt/AreenaxNativeAndroid/app/src/main/java/com/areenax/nativeapp/ui/screens/main/TournamentDetailsScreen.kt:1055:35 Argument type mismatch: actual type is 'kotlin.Unit', but '@Composable() androidx.compose.runtime.internal.ComposableFunction0<kotlin.Unit>' was expected.
e: file:///home/z/audit-wt/AreenaxNativeAndroid/app/src/main/java/com/areenax/nativeapp/ui/screens/main/TournamentsScreen.kt:14:43 Unresolved reference 'minHeight'.
e: file:///home/z/audit-wt/AreenaxNativeAndroid/app/src/main/java/com/areenax/nativeapp/ui/screens/main/TournamentsScreen.kt:261:14 Unresolved reference 'minHeight'.
e: file:///home/z/audit-wt/AreenaxNativeAndroid/app/src/main/java/com/areenax/nativeapp/ui/screens/profile/AchievementsScreen.kt:190:63 @Composable invocations can only happen from the context of a @Composable function
e: file:///home/z/audit-wt/AreenaxNativeAndroid/app/src/main/java/com/areenax/nativeapp/ui/screens/profile/AchievementsScreen.kt:199:63 @Composable invocations can only happen from the context of a @Composable function
e: file:///home/z/audit-wt/AreenaxNativeAndroid/app/src/main/java/com/areenax/nativeapp/ui/screens/profile/AdminPanelScreen.kt:1198:98 Unresolved reference 'charAt'.
e: file:///home/z/audit-wt/AreenaxNativeAndroid/app/src/main/java/com/areenax/nativeapp/ui/screens/profile/AdminPanelScreen.kt:1783:63 Argument type mismatch: actual type is 'com.areenax.nativeapp.core.network.AdminReconcileResponse', but 'com.areenax.nativeapp.data.AdminSecurityResponse' was expected.
e: file:///home/z/audit-wt/AreenaxNativeAndroid/app/src/main/java/com/areenax/nativeapp/ui/screens/profile/AdminPanelScreen.kt:1786:39 Assignment type mismatch: actual type is 'kotlin.collections.List<com.areenax.nativeapp.data.AdminSecurityItem>', but 'kotlin.collections.List<com.areenax.nativeapp.data.AdminReconcileRow>?' was expected.
e: file:///home/z/audit-wt/AreenaxNativeAndroid/app/src/main/java/com/areenax/nativeapp/ui/screens/profile/AdminTournamentsScreen.kt:618:154 Unresolved reference 'charAt'.
e: file:///home/z/audit-wt/AreenaxNativeAndroid/app/src/main/java/com/areenax/nativeapp/ui/screens/profile/GamesAdminSection.kt:136:17 Expression expected, but package name found.
e: file:///home/z/audit-wt/AreenaxNativeAndroid/app/src/main/java/com/areenax/nativeapp/ui/screens/profile/GamesAdminSection.kt:136:24 One type argument expected. Use class 'Success' if you don't intend to pass type arguments.
e: file:///home/z/audit-wt/AreenaxNativeAndroid/app/src/main/java/com/areenax/nativeapp/ui/screens/profile/GamesAdminSection.kt:386:21 Cannot infer type for this parameter. Please specify it explicitly.
e: file:///home/z/audit-wt/AreenaxNativeAndroid/app/src/main/java/com/areenax/nativeapp/ui/screens/profile/GamesAdminSection.kt:386:21 Not enough information to infer type argument for 'T'.
e: file:///home/z/audit-wt/AreenaxNativeAndroid/app/src/main/java/com/areenax/nativeapp/ui/screens/profile/GamesAdminSection.kt:386:21 Cannot infer type for this parameter. Please specify it explicitly.
e: file:///home/z/audit-wt/AreenaxNativeAndroid/app/src/main/java/com/areenax/nativeapp/ui/screens/profile/GamesAdminSection.kt:386:21 Not enough information to infer type argument for 'T'.
e: file:///home/z/audit-wt/AreenaxNativeAndroid/app/src/main/java/com/areenax/nativeapp/ui/screens/profile/GamesAdminSection.kt:386:32 Cannot infer type for this parameter. Please specify it explicitly.
e: file:///home/z/audit-wt/AreenaxNativeAndroid/app/src/main/java/com/areenax/nativeapp/ui/screens/profile/GamesAdminSection.kt:386:32 Not enough information to infer type argument for 'T'.
e: file:///home/z/audit-wt/AreenaxNativeAndroid/app/src/main/java/com/areenax/nativeapp/ui/screens/profile/GamesAdminSection.kt:386:47 None of the following candidates is applicable:
fun String(bytes: ByteArray): String
fun String(chars: CharArray): String
fun String(stringBuffer: StringBuffer): String
fun String(stringBuilder: StringBuilder): String
e: file:///home/z/audit-wt/AreenaxNativeAndroid/app/src/main/java/com/areenax/nativeapp/ui/screens/profile/LeaderboardScreen.kt:254:101 Unresolved reference 'charAt'.
e: file:///home/z/audit-wt/AreenaxNativeAndroid/app/src/main/java/com/areenax/nativeapp/ui/screens/profile/LeaderboardScreen.kt:345:99 Unresolved reference 'charAt'.
e: file:///home/z/audit-wt/AreenaxNativeAndroid/app/src/main/java/com/areenax/nativeapp/ui/screens/profile/LeaderboardScreen.kt:372:77 Unresolved reference 'charAt'.
e: file:///home/z/audit-wt/AreenaxNativeAndroid/app/src/main/java/com/areenax/nativeapp/ui/screens/profile/LeaderboardScreen.kt:432:72 Unresolved reference 'charAt'.
e: file:///home/z/audit-wt/AreenaxNativeAndroid/app/src/main/java/com/areenax/nativeapp/ui/screens/profile/LeaderboardScreen.kt:460:73 Unresolved reference 'charAt'.
e: file:///home/z/audit-wt/AreenaxNativeAndroid/app/src/main/java/com/areenax/nativeapp/ui/screens/profile/ProfileScreen.kt:165:46 Unresolved reference 'charAt'.
e: file:///home/z/audit-wt/AreenaxNativeAndroid/app/src/main/java/com/areenax/nativeapp/ui/screens/social/ChatScreen.kt:142:43 Unresolved reference 'message'.
e: file:///home/z/audit-wt/AreenaxNativeAndroid/app/src/main/java/com/areenax/nativeapp/ui/screens/social/ChatScreen.kt:247:38 Unresolved reference 'letter'.
e: file:///home/z/audit-wt/AreenaxNativeAndroid/app/src/main/java/com/areenax/nativeapp/ui/screens/social/FriendsScreen.kt:200:43 Unresolved reference 'message'.
e: file:///home/z/audit-wt/AreenaxNativeAndroid/app/src/main/java/com/areenax/nativeapp/ui/screens/social/FriendsScreen.kt:232:43 Unresolved reference 'message'.
e: file:///home/z/audit-wt/AreenaxNativeAndroid/app/src/main/java/com/areenax/nativeapp/ui/screens/social/MyTeamScreen.kt:438:71 Unresolved reference 'message'.
e: file:///home/z/audit-wt/AreenaxNativeAndroid/app/src/main/java/com/areenax/nativeapp/ui/screens/social/NotificationsScreen.kt:122:43 Unresolved reference 'message'.
e: file:///home/z/audit-wt/AreenaxNativeAndroid/app/src/main/java/com/areenax/nativeapp/ui/screens/social/TasksScreen.kt:114:43 Unresolved reference 'message'.
e: file:///home/z/audit-wt/AreenaxNativeAndroid/app/src/main/java/com/areenax/nativeapp/ui/screens/social/TeamCreationScreen.kt:126:43 Unresolved reference 'message'.
e: file:///home/z/audit-wt/AreenaxNativeAndroid/app/src/main/java/com/areenax/nativeapp/ui/screens/wallet/ConfirmWithdrawScreen.kt:266:24 Argument type mismatch: actual type is 'androidx.compose.ui.Alignment', but 'androidx.compose.ui.Alignment.Horizontal' was expected.
e: file:///home/z/audit-wt/AreenaxNativeAndroid/app/src/main/java/com/areenax/nativeapp/ui/screens/wallet/TransferScreen.kt:559:29 No parameter with name 'pivot' found.

> Task :app:compileDebugKotlin FAILED

FAILURE: Build failed with an exception.

* What went wrong:
Execution failed for task ':app:compileDebugKotlin'.
> A failure occurred while executing org.jetbrains.kotlin.compilerRunner.GradleCompilerRunnerWithWorkers$GradleKotlinCompilerWorkAction
   > Compilation error. See log for more details

* Try:
> Run with --stacktrace option to get the stack trace.
> Run with --info or --debug option to get more log output.
> Run with --scan to get full insights.
> Get more help at https://help.gradle.org.

BUILD FAILED in 54s
28 actionable tasks: 1 executed, 27 up-to-date
