Starting a Gradle Daemon, 3 stopped Daemons could not be reused, use --status for details
> Task :app:preBuild UP-TO-DATE
> Task :app:preReleaseBuild UP-TO-DATE
> Task :app:mergeReleaseJniLibFolders UP-TO-DATE
> Task :app:mergeReleaseNativeLibs UP-TO-DATE
> Task :app:stripReleaseDebugSymbols UP-TO-DATE
> Task :app:extractReleaseNativeSymbolTables UP-TO-DATE
> Task :app:mergeReleaseNativeDebugMetadata NO-SOURCE
> Task :app:buildKotlinToolingMetadata UP-TO-DATE
> Task :app:checkReleaseDuplicateClasses UP-TO-DATE
> Task :app:checkKotlinGradlePluginConfigurationErrors SKIPPED
> Task :app:checkReleaseAarMetadata UP-TO-DATE
> Task :app:generateReleaseResValues UP-TO-DATE
> Task :app:mapReleaseSourceSetPaths UP-TO-DATE
> Task :app:generateReleaseResources UP-TO-DATE
> Task :app:mergeReleaseResources UP-TO-DATE
> Task :app:packageReleaseResources UP-TO-DATE
> Task :app:parseReleaseLocalResources UP-TO-DATE
> Task :app:createReleaseCompatibleScreenManifests UP-TO-DATE
> Task :app:extractDeepLinksRelease UP-TO-DATE
> Task :app:processReleaseMainManifest UP-TO-DATE
> Task :app:processReleaseManifest UP-TO-DATE
> Task :app:processReleaseManifestForPackage UP-TO-DATE
> Task :app:processReleaseResources UP-TO-DATE
> Task :app:compileReleaseKotlin UP-TO-DATE
> Task :app:javaPreCompileRelease UP-TO-DATE
> Task :app:compileReleaseJavaWithJavac NO-SOURCE
> Task :app:mergeReleaseArtProfile UP-TO-DATE
> Task :app:expandReleaseArtProfileWildcards UP-TO-DATE
> Task :app:extractProguardFiles UP-TO-DATE
> Task :app:mergeReleaseGeneratedProguardFiles UP-TO-DATE
> Task :app:processReleaseJavaRes UP-TO-DATE
> Task :app:mergeReleaseJavaResource UP-TO-DATE
> Task :app:mergeReleaseStartupProfile UP-TO-DATE
> Task :app:mergeReleaseShaders UP-TO-DATE
> Task :app:compileReleaseShaders NO-SOURCE
> Task :app:generateReleaseAssets UP-TO-DATE
> Task :app:mergeReleaseAssets UP-TO-DATE
> Task :app:compressReleaseAssets UP-TO-DATE
> Task :app:extractReleaseVersionControlInfo UP-TO-DATE
> Task :app:generateReleaseLintVitalReportModel UP-TO-DATE
> Task :app:lintVitalAnalyzeRelease UP-TO-DATE
> Task :app:lintVitalReportRelease UP-TO-DATE
> Task :app:lintVitalRelease
> Task :app:collectReleaseDependencies UP-TO-DATE
> Task :app:sdkReleaseDependencyData UP-TO-DATE
> Task :app:writeReleaseAppMetadata UP-TO-DATE
> Task :app:writeReleaseSigningConfigVersions UP-TO-DATE
> Task :app:minifyReleaseWithR8

The message received from the daemon indicates that the daemon has disappeared.
Build request sent: Build{id=98f2bcef-17ab-4097-afa6-64bac0d328d7, currentDir=/home/z/my-project/AreenaxNativeAndroid}
Attempting to read last messages from the daemon log...
Daemon pid: 5391
  log file: /home/z/.gradle/daemon/8.11.1/daemon-5391.out.log
----- Last 20 lines from daemon log file - daemon-5391.out.log -----
2026-09-22T08:22:30.171+0000 [DEBUG] [org.gradle.launcher.daemon.server.SynchronizedDispatchConnection] thread 26: received class org.gradle.launcher.daemon.protocol.Build
2026-09-22T08:22:30.171+0000 [DEBUG] [org.gradle.launcher.daemon.server.DefaultDaemonConnection] thread 26: Received non-IO message from client: Build{id=98f2bcef-17ab-4097-afa6-64bac0d328d7, currentDir=/home/z/my-project/AreenaxNativeAndroid}
2026-09-22T08:22:30.172+0000 [INFO] [org.gradle.launcher.daemon.server.DefaultIncomingConnectionHandler] Received command: Build{id=98f2bcef-17ab-4097-afa6-64bac0d328d7, currentDir=/home/z/my-project/AreenaxNativeAndroid}.
2026-09-22T08:22:30.172+0000 [DEBUG] [org.gradle.launcher.daemon.server.DefaultIncomingConnectionHandler] Starting executing command: Build{id=98f2bcef-17ab-4097-afa6-64bac0d328d7, currentDir=/home/z/my-project/AreenaxNativeAndroid} with connection: socket connection from /127.0.0.1:37847 to /127.0.0.1:37668.
2026-09-22T08:22:30.179+0000 [DEBUG] [org.gradle.launcher.daemon.server.DaemonStateCoordinator] Command execution: started DaemonCommandExecution[command = Build{id=98f2bcef-17ab-4097-afa6-64bac0d328d7, currentDir=/home/z/my-project/AreenaxNativeAndroid}, connection = DefaultDaemonConnection: socket connection from /127.0.0.1:37847 to /127.0.0.1:37668] after 0.0027500000000000003 minutes of idle
2026-09-22T08:22:30.180+0000 [INFO] [org.gradle.launcher.daemon.server.DaemonRegistryUpdater] Marking the daemon as busy, address: [eb79df86-b22b-4d6c-8f4c-94a04aab8e8c port:37847, addresses:[localhost/127.0.0.1]]
2026-09-22T08:22:30.180+0000 [DEBUG] [org.gradle.launcher.daemon.registry.PersistentDaemonRegistry] Marking busy by address: [eb79df86-b22b-4d6c-8f4c-94a04aab8e8c port:37847, addresses:[localhost/127.0.0.1]]
2026-09-22T08:22:30.181+0000 [DEBUG] [org.gradle.cache.internal.DefaultFileLockManager] Waiting to acquire exclusive lock on daemon addresses registry.
2026-09-22T08:22:30.181+0000 [DEBUG] [org.gradle.cache.internal.DefaultFileLockManager] Lock acquired on daemon addresses registry.
2026-09-22T08:22:30.182+0000 [DEBUG] [org.gradle.cache.internal.DefaultFileLockManager] Releasing lock on daemon addresses registry.
2026-09-22T08:22:30.182+0000 [DEBUG] [org.gradle.launcher.daemon.server.DaemonStateCoordinator] resetting idle timer
2026-09-22T08:22:30.182+0000 [DEBUG] [org.gradle.launcher.daemon.server.DaemonStateCoordinator] daemon is running. Sleeping until state changes.
2026-09-22T08:22:30.184+0000 [INFO] [org.gradle.launcher.daemon.server.exec.StartBuildOrRespondWithBusy] Daemon is about to start building Build{id=98f2bcef-17ab-4097-afa6-64bac0d328d7, currentDir=/home/z/my-project/AreenaxNativeAndroid}. Dispatching build started information...
2026-09-22T08:22:30.184+0000 [DEBUG] [org.gradle.launcher.daemon.server.SynchronizedDispatchConnection] thread 28: dispatching org.gradle.launcher.daemon.protocol.BuildStarted@4bc3a812
2026-09-22T08:22:30.186+0000 [DEBUG] [org.gradle.launcher.daemon.server.exec.EstablishBuildEnvironment] Configuring env variables: [PATH, FC_REGION, BUN_INSTALL_BIN, JAVA_HOME, CLICOLOR_FORCE, TERM, FC_CONTAINER_ID, ANDROID_HOME, UV_CACHE_DIR, FC_FUNCTION_HANDLER, KATA_CONTAINER, FC_CUSTOM_LISTEN_PORT, BUN_RUNTIME_TRANSPILER_CACHE_PATH, DATABASE_URL, FC_FUNCTION_NAME, MAIL, CLAWHUB_WORKDIR, LOGNAME, NO_COLOR, PWD, CLAWHUB_DISABLE_TELEMETRY, _, UV, SHELL, SIGMA_APP_NAME, FC_INSTANCE_ID, UV_PYTHON, OLDPWD, BUN_INSTALL, CLICOLOR, USER, PYTHONDONTWRITEBYTECODE, VIRTUAL_ENV, PYTHONUNBUFFERED, UV_RUN_RECURSION_DEPTH, DEBIAN_FRONTEND, FC_FUNCTION_MEMORY_SIZE, FC_ACCOUNT_ID, STEP_START_TIME, LC_CTYPE, SHLVL, HOME]
2026-09-22T08:22:30.194+0000 [DEBUG] [org.gradle.launcher.daemon.server.exec.LogToClient] About to start relaying all logs to the client via the connection.
2026-09-22T08:22:30.194+0000 [INFO] [org.gradle.launcher.daemon.server.exec.LogToClient] The client will now receive all logging from the daemon (pid: 5391). The daemon log file: /home/z/.gradle/daemon/8.11.1/daemon-5391.out.log
2026-09-22T08:22:30.197+0000 [INFO] [org.gradle.launcher.daemon.server.exec.LogAndCheckHealth] Starting build in new daemon [memory: 2 GiB]
2026-09-22T08:22:30.199+0000 [DEBUG] [org.gradle.launcher.daemon.server.exec.ExecuteBuild] The daemon has started executing the build.
2026-09-22T08:22:30.199+0000 [DEBUG] [org.gradle.launcher.daemon.server.exec.ExecuteBuild] Executing build with daemon context: DefaultDaemonContext[uid=c90c3c48-c976-4570-aa46-39756c8bf718,javaHome=/home/z/jdk21,javaVersion=21,javaVendor=Eclipse Adoptium,daemonRegistryDir=/home/z/.gradle/daemon,pid=5391,idleTimeout=10800000,priority=NORMAL,applyInstrumentationAgent=true,nativeServicesMode=ENABLED,daemonOpts=-XX:MaxMetaspaceSize=512m,-Xmx2048m,-Dfile.encoding=UTF-8,-Duser.country=US,-Duser.language=en,-Duser.variant]----- End of the daemon log -----


FAILURE: Build failed with an exception.

* What went wrong:
Gradle build daemon disappeared unexpectedly (it may have been killed or may have crashed)

* Try:
> Run with --stacktrace option to get the stack trace.
> Run with --info or --debug option to get more log output.
> Run with --scan to get full insights.
> Get more help at https://help.gradle.org.
