=== verify_sweep_7e recheck (2026-09-19T09:56:38Z) ===
D1 brace balance: 110 kt files, 0 unbalanced
D2 resource refs: 0 missing
D3 routes: 46 ScreenKeys, 0 not routed
D4 screen fns with (env: NavEnv): 46 across 48 files

=== verify_vault_7a recheck ===
PASS  SecretVault: getters + selfTest/dispose/invalidate present
PASS  KeystoreCipher: alias/format/GCM + minSdk-24 quirks guarded
PASS  CryptoStore: putSecure/getSecure/removeSecure/migratePlainOnce present
============================================================
ALL CHECKS PASSED

=== verify_build_7b recheck ===
[PASS] dict dictionary.txt: >=4000 unique valid identifiers — 4096 entries
[PASS] dict classdictionary.txt: >=4000 unique valid identifiers — 4096 entries
[PASS] dict packagedictionary.txt: >=4000 unique valid identifiers — 4096 entries
[PASS] 0 sensitive-string hits in shipped CODE (kotlin/xml) — 0 hits: 
       (0 comment/doc mentions across docs-only lines — expected, 7-a allow-list aside)
[PASS] strings.xml carries only app_name (no secrets)

RESULT: ALL CHECKS PASSED

=== verify_integrity_7c recheck ===
  PASS  IntegrityConfig: documented owner knobs only

[D] Secret scan (new/edited files)
  PASS  no secret-shaped strings in new/edited files

37 PASS / 0 FAIL
